Analysis & Synthesis report for memoria_instrucciones
Thu Oct 24 13:51:27 2024
Quartus Prime Version 22.1std.1 Build 917 02/14/2023 SC Lite Edition


---------------------
; Table of Contents ;
---------------------
  1. Legal Notice
  2. Analysis & Synthesis Summary
  3. Analysis & Synthesis Settings
  4. Parallel Compilation
  5. Analysis & Synthesis Source Files Read
  6. Analysis & Synthesis Resource Usage Summary
  7. Analysis & Synthesis Resource Utilization by Entity
  8. General Register Statistics
  9. Parameter Settings for User Entity Instance: Top-level Entity: |memoria_instrucciones
 10. Post-Synthesis Netlist Statistics for Top Partition
 11. Elapsed Time Per Partition
 12. Analysis & Synthesis Messages



----------------
; Legal Notice ;
----------------
Copyright (C) 2023  Intel Corporation. All rights reserved.
Your use of Intel Corporation's design tools, logic functions 
and other software and tools, and any partner logic 
functions, and any output files from any of the foregoing 
(including device programming or simulation files), and any 
associated documentation or information are expressly subject 
to the terms and conditions of the Intel Program License 
Subscription Agreement, the Intel Quartus Prime License Agreement,
the Intel FPGA IP License Agreement, or other applicable license
agreement, including, without limitation, that your use is for
the sole purpose of programming logic devices manufactured by
Intel and sold by Intel or its authorized distributors.  Please
refer to the applicable agreement for further details, at
https://fpgasoftware.intel.com/eula.



+-------------------------------------------------------------------------------------+
; Analysis & Synthesis Summary                                                        ;
+------------------------------------+------------------------------------------------+
; Analysis & Synthesis Status        ; Successful - Thu Oct 24 13:51:27 2024          ;
; Quartus Prime Version              ; 22.1std.1 Build 917 02/14/2023 SC Lite Edition ;
; Revision Name                      ; memoria_instrucciones                          ;
; Top-level Entity Name              ; memoria_instrucciones                          ;
; Family                             ; MAX 10                                         ;
; Total logic elements               ; 0                                              ;
;     Total combinational functions  ; 0                                              ;
;     Dedicated logic registers      ; 0                                              ;
; Total registers                    ; 0                                              ;
; Total pins                         ; 66                                             ;
; Total virtual pins                 ; 0                                              ;
; Total memory bits                  ; 0                                              ;
; Embedded Multiplier 9-bit elements ; 0                                              ;
; Total PLLs                         ; 0                                              ;
; UFM blocks                         ; 0                                              ;
; ADC blocks                         ; 0                                              ;
+------------------------------------+------------------------------------------------+


+------------------------------------------------------------------------------------------------------------------+
; Analysis & Synthesis Settings                                                                                    ;
+------------------------------------------------------------------+-----------------------+-----------------------+
; Option                                                           ; Setting               ; Default Value         ;
+------------------------------------------------------------------+-----------------------+-----------------------+
; Device                                                           ; 10M50DAF484C7G        ;                       ;
; Top-level entity name                                            ; memoria_instrucciones ; memoria_instrucciones ;
; Family name                                                      ; MAX 10                ; Cyclone V             ;
; Use smart compilation                                            ; Off                   ; Off                   ;
; Enable parallel Assembler and Timing Analyzer during compilation ; On                    ; On                    ;
; Enable compact report table                                      ; Off                   ; Off                   ;
; Restructure Multiplexers                                         ; Auto                  ; Auto                  ;
; Create Debugging Nodes for IP Cores                              ; Off                   ; Off                   ;
; Preserve fewer node names                                        ; On                    ; On                    ;
; Intel FPGA IP Evaluation Mode                                    ; Enable                ; Enable                ;
; Verilog Version                                                  ; Verilog_2001          ; Verilog_2001          ;
; VHDL Version                                                     ; VHDL_1993             ; VHDL_1993             ;
; State Machine Processing                                         ; Auto                  ; Auto                  ;
; Safe State Machine                                               ; Off                   ; Off                   ;
; Extract Verilog State Machines                                   ; On                    ; On                    ;
; Extract VHDL State Machines                                      ; On                    ; On                    ;
; Ignore Verilog initial constructs                                ; Off                   ; Off                   ;
; Iteration limit for constant Verilog loops                       ; 5000                  ; 5000                  ;
; Iteration limit for non-constant Verilog loops                   ; 250                   ; 250                   ;
; Add Pass-Through Logic to Inferred RAMs                          ; On                    ; On                    ;
; Infer RAMs from Raw Logic                                        ; On                    ; On                    ;
; Parallel Synthesis                                               ; On                    ; On                    ;
; DSP Block Balancing                                              ; Auto                  ; Auto                  ;
; NOT Gate Push-Back                                               ; On                    ; On                    ;
; Power-Up Don't Care                                              ; On                    ; On                    ;
; Remove Redundant Logic Cells                                     ; Off                   ; Off                   ;
; Remove Duplicate Registers                                       ; On                    ; On                    ;
; Ignore CARRY Buffers                                             ; Off                   ; Off                   ;
; Ignore CASCADE Buffers                                           ; Off                   ; Off                   ;
; Ignore GLOBAL Buffers                                            ; Off                   ; Off                   ;
; Ignore ROW GLOBAL Buffers                                        ; Off                   ; Off                   ;
; Ignore LCELL Buffers                                             ; Off                   ; Off                   ;
; Ignore SOFT Buffers                                              ; On                    ; On                    ;
; Limit AHDL Integers to 32 Bits                                   ; Off                   ; Off                   ;
; Optimization Technique                                           ; Balanced              ; Balanced              ;
; Carry Chain Length                                               ; 70                    ; 70                    ;
; Auto Carry Chains                                                ; On                    ; On                    ;
; Auto Open-Drain Pins                                             ; On                    ; On                    ;
; Perform WYSIWYG Primitive Resynthesis                            ; Off                   ; Off                   ;
; Auto ROM Replacement                                             ; On                    ; On                    ;
; Auto RAM Replacement                                             ; On                    ; On                    ;
; Auto DSP Block Replacement                                       ; On                    ; On                    ;
; Auto Shift Register Replacement                                  ; Auto                  ; Auto                  ;
; Allow Shift Register Merging across Hierarchies                  ; Auto                  ; Auto                  ;
; Auto Clock Enable Replacement                                    ; On                    ; On                    ;
; Strict RAM Replacement                                           ; Off                   ; Off                   ;
; Allow Synchronous Control Signals                                ; On                    ; On                    ;
; Force Use of Synchronous Clear Signals                           ; Off                   ; Off                   ;
; Auto RAM Block Balancing                                         ; On                    ; On                    ;
; Auto RAM to Logic Cell Conversion                                ; Off                   ; Off                   ;
; Auto Resource Sharing                                            ; Off                   ; Off                   ;
; Allow Any RAM Size For Recognition                               ; Off                   ; Off                   ;
; Allow Any ROM Size For Recognition                               ; Off                   ; Off                   ;
; Allow Any Shift Register Size For Recognition                    ; Off                   ; Off                   ;
; Use LogicLock Constraints during Resource Balancing              ; On                    ; On                    ;
; Ignore translate_off and synthesis_off directives                ; Off                   ; Off                   ;
; Timing-Driven Synthesis                                          ; On                    ; On                    ;
; Report Parameter Settings                                        ; On                    ; On                    ;
; Report Source Assignments                                        ; On                    ; On                    ;
; Report Connectivity Checks                                       ; On                    ; On                    ;
; Ignore Maximum Fan-Out Assignments                               ; Off                   ; Off                   ;
; Synchronization Register Chain Length                            ; 2                     ; 2                     ;
; Power Optimization During Synthesis                              ; Normal compilation    ; Normal compilation    ;
; HDL message level                                                ; Level2                ; Level2                ;
; Suppress Register Optimization Related Messages                  ; Off                   ; Off                   ;
; Number of Removed Registers Reported in Synthesis Report         ; 5000                  ; 5000                  ;
; Number of Swept Nodes Reported in Synthesis Report               ; 5000                  ; 5000                  ;
; Number of Inverted Registers Reported in Synthesis Report        ; 100                   ; 100                   ;
; Clock MUX Protection                                             ; On                    ; On                    ;
; Auto Gated Clock Conversion                                      ; Off                   ; Off                   ;
; Block Design Naming                                              ; Auto                  ; Auto                  ;
; SDC constraint protection                                        ; Off                   ; Off                   ;
; Synthesis Effort                                                 ; Auto                  ; Auto                  ;
; Shift Register Replacement - Allow Asynchronous Clear Signal     ; On                    ; On                    ;
; Pre-Mapping Resynthesis Optimization                             ; Off                   ; Off                   ;
; Analysis & Synthesis Message Level                               ; Medium                ; Medium                ;
; Disable Register Merging Across Hierarchies                      ; Auto                  ; Auto                  ;
; Resource Aware Inference For Block RAM                           ; On                    ; On                    ;
+------------------------------------------------------------------+-----------------------+-----------------------+


+------------------------------------------+
; Parallel Compilation                     ;
+----------------------------+-------------+
; Processors                 ; Number      ;
+----------------------------+-------------+
; Number detected on machine ; 4           ;
; Maximum allowed            ; 2           ;
;                            ;             ;
; Average used               ; 1.00        ;
; Maximum used               ; 1           ;
;                            ;             ;
; Usage by Processor         ; % Time Used ;
;     Processor 1            ; 100.0%      ;
+----------------------------+-------------+


+----------------------------------------------------------------------------------------------------------------------------------------------------------------------------------------------+
; Analysis & Synthesis Source Files Read                                                                                                                                                       ;
+----------------------------------+-----------------+------------------------+------------------------------------------------------------------------------------------------------+---------+
; File Name with User-Entered Path ; Used in Netlist ; File Type              ; File Name with Absolute Path                                                                         ; Library ;
+----------------------------------+-----------------+------------------------+------------------------------------------------------------------------------------------------------+---------+
; memoria_instrucciones.v          ; yes             ; User Verilog HDL File  ; D:/Users/JuanDavidMedellinC/Downloads/proyectosQuartus/memoria_instrucciones/memoria_instrucciones.v ;         ;
+----------------------------------+-----------------+------------------------+------------------------------------------------------------------------------------------------------+---------+


+-------------------------------------------------------+
; Analysis & Synthesis Resource Usage Summary           ;
+---------------------------------------------+---------+
; Resource                                    ; Usage   ;
+---------------------------------------------+---------+
;                                             ;         ;
; Total combinational functions               ; 0       ;
; Logic element usage by number of LUT inputs ;         ;
;     -- 4 input functions                    ; 0       ;
;     -- 3 input functions                    ; 0       ;
;     -- <=2 input functions                  ; 0       ;
;                                             ;         ;
; Logic elements by mode                      ;         ;
;     -- normal mode                          ; 0       ;
;     -- arithmetic mode                      ; 0       ;
;                                             ;         ;
; Total registers                             ; 0       ;
;     -- Dedicated logic registers            ; 0       ;
;     -- I/O registers                        ; 0       ;
;                                             ;         ;
; I/O pins                                    ; 66      ;
;                                             ;         ;
; Embedded Multiplier 9-bit elements          ; 0       ;
;                                             ;         ;
; Maximum fan-out node                        ; addr[1] ;
; Maximum fan-out                             ; 1       ;
; Total fan-out                               ; 67      ;
; Average fan-out                             ; 0.51    ;
+---------------------------------------------+---------+


+-------------------------------------------------------------------------------------------------------------------------------------------------------------------------------------------------------------------------------------------------+
; Analysis & Synthesis Resource Utilization by Entity                                                                                                                                                                                             ;
+----------------------------+---------------------+---------------------------+-------------+------------+--------------+---------+-----------+------+--------------+------------+------------------------+-----------------------+--------------+
; Compilation Hierarchy Node ; Combinational ALUTs ; Dedicated Logic Registers ; Memory Bits ; UFM Blocks ; DSP Elements ; DSP 9x9 ; DSP 18x18 ; Pins ; Virtual Pins ; ADC blocks ; Full Hierarchy Name    ; Entity Name           ; Library Name ;
+----------------------------+---------------------+---------------------------+-------------+------------+--------------+---------+-----------+------+--------------+------------+------------------------+-----------------------+--------------+
; |memoria_instrucciones     ; 0 (0)               ; 0 (0)                     ; 0           ; 0          ; 0            ; 0       ; 0         ; 66   ; 0            ; 0          ; |memoria_instrucciones ; memoria_instrucciones ; work         ;
+----------------------------+---------------------+---------------------------+-------------+------------+--------------+---------+-----------+------+--------------+------------+------------------------+-----------------------+--------------+
Note: For table entries with two numbers listed, the numbers in parentheses indicate the number of resources of the given type used by the specific entity alone. The numbers listed outside of parentheses indicate the total resources of the given type used by the specific entity and all of its sub-entities in the hierarchy.


+------------------------------------------------------+
; General Register Statistics                          ;
+----------------------------------------------+-------+
; Statistic                                    ; Value ;
+----------------------------------------------+-------+
; Total registers                              ; 0     ;
; Number of registers using Synchronous Clear  ; 0     ;
; Number of registers using Synchronous Load   ; 0     ;
; Number of registers using Asynchronous Clear ; 0     ;
; Number of registers using Asynchronous Load  ; 0     ;
; Number of registers using Clock Enable       ; 0     ;
; Number of registers using Preset             ; 0     ;
+----------------------------------------------+-------+


+---------------------------------------------------------------------------------------+
; Parameter Settings for User Entity Instance: Top-level Entity: |memoria_instrucciones ;
+----------------+-----------+----------------------------------------------------------+
; Parameter Name ; Value     ; Type                                                     ;
+----------------+-----------+----------------------------------------------------------+
; BIT_ADDR       ; 32        ; Signed Integer                                           ;
; BIT_DATO       ; 32        ; Signed Integer                                           ;
; RegFILE        ; Reg16.mem ; String                                                   ;
+----------------+-----------+----------------------------------------------------------+
Note: In order to hide this table in the UI and the text report file, please set the "Show Parameter Settings in Synthesis Report" option in "Analysis and Synthesis Settings -> More Settings" to "Off".


+-----------------------------------------------------+
; Post-Synthesis Netlist Statistics for Top Partition ;
+-----------------------+-----------------------------+
; Type                  ; Count                       ;
+-----------------------+-----------------------------+
; boundary_port         ; 66                          ;
; cycloneiii_lcell_comb ; 3                           ;
;     normal            ; 3                           ;
;         0 data inputs ; 2                           ;
;         1 data inputs ; 1                           ;
;                       ;                             ;
; Max LUT depth         ; 1.00                        ;
; Average LUT depth     ; 0.50                        ;
+-----------------------+-----------------------------+


+-------------------------------+
; Elapsed Time Per Partition    ;
+----------------+--------------+
; Partition Name ; Elapsed Time ;
+----------------+--------------+
; Top            ; 00:00:00     ;
+----------------+--------------+


+-------------------------------+
; Analysis & Synthesis Messages ;
+-------------------------------+
Info: *******************************************************************
Info: Running Quartus Prime Analysis & Synthesis
    Info: Version 22.1std.1 Build 917 02/14/2023 SC Lite Edition
    Info: Processing started: Thu Oct 24 13:51:16 2024
Info: Command: quartus_map --read_settings_files=on --write_settings_files=off memoria_instrucciones -c memoria_instrucciones
Warning (18236): Number of processors has not been specified which may cause overloading on shared machines.  Set the global assignment NUM_PARALLEL_PROCESSORS in your QSF to an appropriate value for best performance.
Info (20030): Parallel compilation is enabled and will use 2 of the 2 processors detected
Info (12021): Found 1 design units, including 1 entities, in source file memoria_instrucciones.v
    Info (12023): Found entity 1: memoria_instrucciones File: D:/Users/JuanDavidMedellinC/Downloads/proyectosQuartus/memoria_instrucciones/memoria_instrucciones.v Line: 1
Info (12127): Elaborating entity "memoria_instrucciones" for the top level hierarchy
Warning (10259): Verilog HDL error at memoria_instrucciones.v(15): constant value overflow File: D:/Users/JuanDavidMedellinC/Downloads/proyectosQuartus/memoria_instrucciones/memoria_instrucciones.v Line: 15
Warning (10850): Verilog HDL warning at memoria_instrucciones.v(23): number of words (4) in memory file does not match the number of elements in the address range [-1:0] File: D:/Users/JuanDavidMedellinC/Downloads/proyectosQuartus/memoria_instrucciones/memoria_instrucciones.v Line: 23
Warning (10030): Net "breg.data_a" at memoria_instrucciones.v(18) has no driver or initial value, using a default initial value '0' File: D:/Users/JuanDavidMedellinC/Downloads/proyectosQuartus/memoria_instrucciones/memoria_instrucciones.v Line: 18
Warning (10030): Net "breg.waddr_a[0]" at memoria_instrucciones.v(18) has no driver or initial value, using a default initial value '0' File: D:/Users/JuanDavidMedellinC/Downloads/proyectosQuartus/memoria_instrucciones/memoria_instrucciones.v Line: 18
Warning (10030): Net "breg.we_a" at memoria_instrucciones.v(18) has no driver or initial value, using a default initial value '0' File: D:/Users/JuanDavidMedellinC/Downloads/proyectosQuartus/memoria_instrucciones/memoria_instrucciones.v Line: 18
Info (276014): Found 1 instances of uninferred RAM logic
    Info (276013): RAM logic "breg" is uninferred because MIF is not supported for the selected family File: D:/Users/JuanDavidMedellinC/Downloads/proyectosQuartus/memoria_instrucciones/memoria_instrucciones.v Line: 18
Warning (13024): Output pins are stuck at VCC or GND
    Warning (13410): Pin "outInstruc[1]" is stuck at GND File: D:/Users/JuanDavidMedellinC/Downloads/proyectosQuartus/memoria_instrucciones/memoria_instrucciones.v Line: 8
    Warning (13410): Pin "outInstruc[2]" is stuck at GND File: D:/Users/JuanDavidMedellinC/Downloads/proyectosQuartus/memoria_instrucciones/memoria_instrucciones.v Line: 8
    Warning (13410): Pin "outInstruc[3]" is stuck at GND File: D:/Users/JuanDavidMedellinC/Downloads/proyectosQuartus/memoria_instrucciones/memoria_instrucciones.v Line: 8
    Warning (13410): Pin "outInstruc[4]" is stuck at GND File: D:/Users/JuanDavidMedellinC/Downloads/proyectosQuartus/memoria_instrucciones/memoria_instrucciones.v Line: 8
    Warning (13410): Pin "outInstruc[5]" is stuck at GND File: D:/Users/JuanDavidMedellinC/Downloads/proyectosQuartus/memoria_instrucciones/memoria_instrucciones.v Line: 8
    Warning (13410): Pin "outInstruc[6]" is stuck at GND File: D:/Users/JuanDavidMedellinC/Downloads/proyectosQuartus/memoria_instrucciones/memoria_instrucciones.v Line: 8
    Warning (13410): Pin "outInstruc[7]" is stuck at GND File: D:/Users/JuanDavidMedellinC/Downloads/proyectosQuartus/memoria_instrucciones/memoria_instrucciones.v Line: 8
    Warning (13410): Pin "outInstruc[8]" is stuck at GND File: D:/Users/JuanDavidMedellinC/Downloads/proyectosQuartus/memoria_instrucciones/memoria_instrucciones.v Line: 8
    Warning (13410): Pin "outInstruc[9]" is stuck at GND File: D:/Users/JuanDavidMedellinC/Downloads/proyectosQuartus/memoria_instrucciones/memoria_instrucciones.v Line: 8
    Warning (13410): Pin "outInstruc[10]" is stuck at GND File: D:/Users/JuanDavidMedellinC/Downloads/proyectosQuartus/memoria_instrucciones/memoria_instrucciones.v Line: 8
    Warning (13410): Pin "outInstruc[11]" is stuck at GND File: D:/Users/JuanDavidMedellinC/Downloads/proyectosQuartus/memoria_instrucciones/memoria_instrucciones.v Line: 8
    Warning (13410): Pin "outInstruc[12]" is stuck at GND File: D:/Users/JuanDavidMedellinC/Downloads/proyectosQuartus/memoria_instrucciones/memoria_instrucciones.v Line: 8
    Warning (13410): Pin "outInstruc[13]" is stuck at GND File: D:/Users/JuanDavidMedellinC/Downloads/proyectosQuartus/memoria_instrucciones/memoria_instrucciones.v Line: 8
    Warning (13410): Pin "outInstruc[14]" is stuck at GND File: D:/Users/JuanDavidMedellinC/Downloads/proyectosQuartus/memoria_instrucciones/memoria_instrucciones.v Line: 8
    Warning (13410): Pin "outInstruc[15]" is stuck at GND File: D:/Users/JuanDavidMedellinC/Downloads/proyectosQuartus/memoria_instrucciones/memoria_instrucciones.v Line: 8
    Warning (13410): Pin "outInstruc[16]" is stuck at VCC File: D:/Users/JuanDavidMedellinC/Downloads/proyectosQuartus/memoria_instrucciones/memoria_instrucciones.v Line: 8
    Warning (13410): Pin "outInstruc[17]" is stuck at GND File: D:/Users/JuanDavidMedellinC/Downloads/proyectosQuartus/memoria_instrucciones/memoria_instrucciones.v Line: 8
    Warning (13410): Pin "outInstruc[18]" is stuck at GND File: D:/Users/JuanDavidMedellinC/Downloads/proyectosQuartus/memoria_instrucciones/memoria_instrucciones.v Line: 8
    Warning (13410): Pin "outInstruc[19]" is stuck at GND File: D:/Users/JuanDavidMedellinC/Downloads/proyectosQuartus/memoria_instrucciones/memoria_instrucciones.v Line: 8
    Warning (13410): Pin "outInstruc[20]" is stuck at GND File: D:/Users/JuanDavidMedellinC/Downloads/proyectosQuartus/memoria_instrucciones/memoria_instrucciones.v Line: 8
    Warning (13410): Pin "outInstruc[21]" is stuck at GND File: D:/Users/JuanDavidMedellinC/Downloads/proyectosQuartus/memoria_instrucciones/memoria_instrucciones.v Line: 8
    Warning (13410): Pin "outInstruc[22]" is stuck at GND File: D:/Users/JuanDavidMedellinC/Downloads/proyectosQuartus/memoria_instrucciones/memoria_instrucciones.v Line: 8
    Warning (13410): Pin "outInstruc[23]" is stuck at GND File: D:/Users/JuanDavidMedellinC/Downloads/proyectosQuartus/memoria_instrucciones/memoria_instrucciones.v Line: 8
    Warning (13410): Pin "outInstruc[24]" is stuck at GND File: D:/Users/JuanDavidMedellinC/Downloads/proyectosQuartus/memoria_instrucciones/memoria_instrucciones.v Line: 8
    Warning (13410): Pin "outInstruc[25]" is stuck at GND File: D:/Users/JuanDavidMedellinC/Downloads/proyectosQuartus/memoria_instrucciones/memoria_instrucciones.v Line: 8
    Warning (13410): Pin "outInstruc[26]" is stuck at GND File: D:/Users/JuanDavidMedellinC/Downloads/proyectosQuartus/memoria_instrucciones/memoria_instrucciones.v Line: 8
    Warning (13410): Pin "outInstruc[27]" is stuck at GND File: D:/Users/JuanDavidMedellinC/Downloads/proyectosQuartus/memoria_instrucciones/memoria_instrucciones.v Line: 8
    Warning (13410): Pin "outInstruc[28]" is stuck at GND File: D:/Users/JuanDavidMedellinC/Downloads/proyectosQuartus/memoria_instrucciones/memoria_instrucciones.v Line: 8
    Warning (13410): Pin "outInstruc[29]" is stuck at GND File: D:/Users/JuanDavidMedellinC/Downloads/proyectosQuartus/memoria_instrucciones/memoria_instrucciones.v Line: 8
    Warning (13410): Pin "outInstruc[30]" is stuck at GND File: D:/Users/JuanDavidMedellinC/Downloads/proyectosQuartus/memoria_instrucciones/memoria_instrucciones.v Line: 8
    Warning (13410): Pin "outInstruc[31]" is stuck at GND File: D:/Users/JuanDavidMedellinC/Downloads/proyectosQuartus/memoria_instrucciones/memoria_instrucciones.v Line: 8
Info (16010): Generating hard_block partition "hard_block:auto_generated_inst"
    Info (16011): Adding 0 node(s), including 0 DDIO, 0 PLL, 0 transceiver and 0 LCELL
Warning (21074): Design contains 33 input pin(s) that do not drive logic
    Warning (15610): No output dependent on input pin "addr[1]" File: D:/Users/JuanDavidMedellinC/Downloads/proyectosQuartus/memoria_instrucciones/memoria_instrucciones.v Line: 6
    Warning (15610): No output dependent on input pin "addr[2]" File: D:/Users/JuanDavidMedellinC/Downloads/proyectosQuartus/memoria_instrucciones/memoria_instrucciones.v Line: 6
    Warning (15610): No output dependent on input pin "addr[3]" File: D:/Users/JuanDavidMedellinC/Downloads/proyectosQuartus/memoria_instrucciones/memoria_instrucciones.v Line: 6
    Warning (15610): No output dependent on input pin "addr[4]" File: D:/Users/JuanDavidMedellinC/Downloads/proyectosQuartus/memoria_instrucciones/memoria_instrucciones.v Line: 6
    Warning (15610): No output dependent on input pin "addr[5]" File: D:/Users/JuanDavidMedellinC/Downloads/proyectosQuartus/memoria_instrucciones/memoria_instrucciones.v Line: 6
    Warning (15610): No output dependent on input pin "addr[6]" File: D:/Users/JuanDavidMedellinC/Downloads/proyectosQuartus/memoria_instrucciones/memoria_instrucciones.v Line: 6
    Warning (15610): No output dependent on input pin "addr[7]" File: D:/Users/JuanDavidMedellinC/Downloads/proyectosQuartus/memoria_instrucciones/memoria_instrucciones.v Line: 6
    Warning (15610): No output dependent on input pin "addr[8]" File: D:/Users/JuanDavidMedellinC/Downloads/proyectosQuartus/memoria_instrucciones/memoria_instrucciones.v Line: 6
    Warning (15610): No output dependent on input pin "addr[9]" File: D:/Users/JuanDavidMedellinC/Downloads/proyectosQuartus/memoria_instrucciones/memoria_instrucciones.v Line: 6
    Warning (15610): No output dependent on input pin "addr[10]" File: D:/Users/JuanDavidMedellinC/Downloads/proyectosQuartus/memoria_instrucciones/memoria_instrucciones.v Line: 6
    Warning (15610): No output dependent on input pin "addr[11]" File: D:/Users/JuanDavidMedellinC/Downloads/proyectosQuartus/memoria_instrucciones/memoria_instrucciones.v Line: 6
    Warning (15610): No output dependent on input pin "addr[12]" File: D:/Users/JuanDavidMedellinC/Downloads/proyectosQuartus/memoria_instrucciones/memoria_instrucciones.v Line: 6
    Warning (15610): No output dependent on input pin "addr[13]" File: D:/Users/JuanDavidMedellinC/Downloads/proyectosQuartus/memoria_instrucciones/memoria_instrucciones.v Line: 6
    Warning (15610): No output dependent on input pin "addr[14]" File: D:/Users/JuanDavidMedellinC/Downloads/proyectosQuartus/memoria_instrucciones/memoria_instrucciones.v Line: 6
    Warning (15610): No output dependent on input pin "addr[15]" File: D:/Users/JuanDavidMedellinC/Downloads/proyectosQuartus/memoria_instrucciones/memoria_instrucciones.v Line: 6
    Warning (15610): No output dependent on input pin "addr[16]" File: D:/Users/JuanDavidMedellinC/Downloads/proyectosQuartus/memoria_instrucciones/memoria_instrucciones.v Line: 6
    Warning (15610): No output dependent on input pin "addr[17]" File: D:/Users/JuanDavidMedellinC/Downloads/proyectosQuartus/memoria_instrucciones/memoria_instrucciones.v Line: 6
    Warning (15610): No output dependent on input pin "addr[18]" File: D:/Users/JuanDavidMedellinC/Downloads/proyectosQuartus/memoria_instrucciones/memoria_instrucciones.v Line: 6
    Warning (15610): No output dependent on input pin "addr[19]" File: D:/Users/JuanDavidMedellinC/Downloads/proyectosQuartus/memoria_instrucciones/memoria_instrucciones.v Line: 6
    Warning (15610): No output dependent on input pin "addr[20]" File: D:/Users/JuanDavidMedellinC/Downloads/proyectosQuartus/memoria_instrucciones/memoria_instrucciones.v Line: 6
    Warning (15610): No output dependent on input pin "addr[21]" File: D:/Users/JuanDavidMedellinC/Downloads/proyectosQuartus/memoria_instrucciones/memoria_instrucciones.v Line: 6
    Warning (15610): No output dependent on input pin "addr[22]" File: D:/Users/JuanDavidMedellinC/Downloads/proyectosQuartus/memoria_instrucciones/memoria_instrucciones.v Line: 6
    Warning (15610): No output dependent on input pin "addr[23]" File: D:/Users/JuanDavidMedellinC/Downloads/proyectosQuartus/memoria_instrucciones/memoria_instrucciones.v Line: 6
    Warning (15610): No output dependent on input pin "addr[24]" File: D:/Users/JuanDavidMedellinC/Downloads/proyectosQuartus/memoria_instrucciones/memoria_instrucciones.v Line: 6
    Warning (15610): No output dependent on input pin "addr[25]" File: D:/Users/JuanDavidMedellinC/Downloads/proyectosQuartus/memoria_instrucciones/memoria_instrucciones.v Line: 6
    Warning (15610): No output dependent on input pin "addr[26]" File: D:/Users/JuanDavidMedellinC/Downloads/proyectosQuartus/memoria_instrucciones/memoria_instrucciones.v Line: 6
    Warning (15610): No output dependent on input pin "addr[27]" File: D:/Users/JuanDavidMedellinC/Downloads/proyectosQuartus/memoria_instrucciones/memoria_instrucciones.v Line: 6
    Warning (15610): No output dependent on input pin "addr[28]" File: D:/Users/JuanDavidMedellinC/Downloads/proyectosQuartus/memoria_instrucciones/memoria_instrucciones.v Line: 6
    Warning (15610): No output dependent on input pin "addr[29]" File: D:/Users/JuanDavidMedellinC/Downloads/proyectosQuartus/memoria_instrucciones/memoria_instrucciones.v Line: 6
    Warning (15610): No output dependent on input pin "addr[30]" File: D:/Users/JuanDavidMedellinC/Downloads/proyectosQuartus/memoria_instrucciones/memoria_instrucciones.v Line: 6
    Warning (15610): No output dependent on input pin "addr[31]" File: D:/Users/JuanDavidMedellinC/Downloads/proyectosQuartus/memoria_instrucciones/memoria_instrucciones.v Line: 6
    Warning (15610): No output dependent on input pin "clk" File: D:/Users/JuanDavidMedellinC/Downloads/proyectosQuartus/memoria_instrucciones/memoria_instrucciones.v Line: 10
    Warning (15610): No output dependent on input pin "rst" File: D:/Users/JuanDavidMedellinC/Downloads/proyectosQuartus/memoria_instrucciones/memoria_instrucciones.v Line: 12
Info (21057): Implemented 66 device resources after synthesis - the final resource count might be different
    Info (21058): Implemented 34 input pins
    Info (21059): Implemented 32 output pins
Info: Quartus Prime Analysis & Synthesis was successful. 0 errors, 72 warnings
    Info: Peak virtual memory: 4753 megabytes
    Info: Processing ended: Thu Oct 24 13:51:27 2024
    Info: Elapsed time: 00:00:11
    Info: Total CPU time (on all processors): 00:00:27


