Analysis & Synthesis report for mips_suma
Thu Oct 24 14:05:25 2024
Quartus Prime Version 22.1std.1 Build 917 02/14/2023 SC Lite Edition


---------------------
; Table of Contents ;
---------------------
  1. Legal Notice
  2. Analysis & Synthesis Summary
  3. Analysis & Synthesis Settings
  4. Parallel Compilation
  5. Analysis & Synthesis Source Files Read
  6. Analysis & Synthesis Resource Usage Summary
  7. Analysis & Synthesis Resource Utilization by Entity
  8. Registers Removed During Synthesis
  9. General Register Statistics
 10. Parameter Settings for User Entity Instance: memoria_instrucciones:mem_inst
 11. Parameter Settings for User Entity Instance: banco_registros:b_reg
 12. Port Connectivity Checks: "banco_registros:b_reg"
 13. Port Connectivity Checks: "memoria_instrucciones:mem_inst"
 14. Post-Synthesis Netlist Statistics for Top Partition
 15. Elapsed Time Per Partition
 16. Analysis & Synthesis Messages



----------------
; Legal Notice ;
----------------
Copyright (C) 2023  Intel Corporation. All rights reserved.
Your use of Intel Corporation's design tools, logic functions 
and other software and tools, and any partner logic 
functions, and any output files from any of the foregoing 
(including device programming or simulation files), and any 
associated documentation or information are expressly subject 
to the terms and conditions of the Intel Program License 
Subscription Agreement, the Intel Quartus Prime License Agreement,
the Intel FPGA IP License Agreement, or other applicable license
agreement, including, without limitation, that your use is for
the sole purpose of programming logic devices manufactured by
Intel and sold by Intel or its authorized distributors.  Please
refer to the applicable agreement for further details, at
https://fpgasoftware.intel.com/eula.



+-------------------------------------------------------------------------------------+
; Analysis & Synthesis Summary                                                        ;
+------------------------------------+------------------------------------------------+
; Analysis & Synthesis Status        ; Successful - Thu Oct 24 14:05:25 2024          ;
; Quartus Prime Version              ; 22.1std.1 Build 917 02/14/2023 SC Lite Edition ;
; Revision Name                      ; mips_suma                                      ;
; Top-level Entity Name              ; mips_suma                                      ;
; Family                             ; MAX 10                                         ;
; Total logic elements               ; 33                                             ;
;     Total combinational functions  ; 33                                             ;
;     Dedicated logic registers      ; 32                                             ;
; Total registers                    ; 32                                             ;
; Total pins                         ; 145                                            ;
; Total virtual pins                 ; 0                                              ;
; Total memory bits                  ; 0                                              ;
; Embedded Multiplier 9-bit elements ; 0                                              ;
; Total PLLs                         ; 0                                              ;
; UFM blocks                         ; 0                                              ;
; ADC blocks                         ; 0                                              ;
+------------------------------------+------------------------------------------------+


+------------------------------------------------------------------------------------------------------------+
; Analysis & Synthesis Settings                                                                              ;
+------------------------------------------------------------------+--------------------+--------------------+
; Option                                                           ; Setting            ; Default Value      ;
+------------------------------------------------------------------+--------------------+--------------------+
; Device                                                           ; 10M50DAF484C7G     ;                    ;
; Top-level entity name                                            ; mips_suma          ; mips_suma          ;
; Family name                                                      ; MAX 10             ; Cyclone V          ;
; Use smart compilation                                            ; Off                ; Off                ;
; Enable parallel Assembler and Timing Analyzer during compilation ; On                 ; On                 ;
; Enable compact report table                                      ; Off                ; Off                ;
; Restructure Multiplexers                                         ; Auto               ; Auto               ;
; Create Debugging Nodes for IP Cores                              ; Off                ; Off                ;
; Preserve fewer node names                                        ; On                 ; On                 ;
; Intel FPGA IP Evaluation Mode                                    ; Enable             ; Enable             ;
; Verilog Version                                                  ; Verilog_2001       ; Verilog_2001       ;
; VHDL Version                                                     ; VHDL_1993          ; VHDL_1993          ;
; State Machine Processing                                         ; Auto               ; Auto               ;
; Safe State Machine                                               ; Off                ; Off                ;
; Extract Verilog State Machines                                   ; On                 ; On                 ;
; Extract VHDL State Machines                                      ; On                 ; On                 ;
; Ignore Verilog initial constructs                                ; Off                ; Off                ;
; Iteration limit for constant Verilog loops                       ; 5000               ; 5000               ;
; Iteration limit for non-constant Verilog loops                   ; 250                ; 250                ;
; Add Pass-Through Logic to Inferred RAMs                          ; On                 ; On                 ;
; Infer RAMs from Raw Logic                                        ; On                 ; On                 ;
; Parallel Synthesis                                               ; On                 ; On                 ;
; DSP Block Balancing                                              ; Auto               ; Auto               ;
; NOT Gate Push-Back                                               ; On                 ; On                 ;
; Power-Up Don't Care                                              ; On                 ; On                 ;
; Remove Redundant Logic Cells                                     ; Off                ; Off                ;
; Remove Duplicate Registers                                       ; On                 ; On                 ;
; Ignore CARRY Buffers                                             ; Off                ; Off                ;
; Ignore CASCADE Buffers                                           ; Off                ; Off                ;
; Ignore GLOBAL Buffers                                            ; Off                ; Off                ;
; Ignore ROW GLOBAL Buffers                                        ; Off                ; Off                ;
; Ignore LCELL Buffers                                             ; Off                ; Off                ;
; Ignore SOFT Buffers                                              ; On                 ; On                 ;
; Limit AHDL Integers to 32 Bits                                   ; Off                ; Off                ;
; Optimization Technique                                           ; Balanced           ; Balanced           ;
; Carry Chain Length                                               ; 70                 ; 70                 ;
; Auto Carry Chains                                                ; On                 ; On                 ;
; Auto Open-Drain Pins                                             ; On                 ; On                 ;
; Perform WYSIWYG Primitive Resynthesis                            ; Off                ; Off                ;
; Auto ROM Replacement                                             ; On                 ; On                 ;
; Auto RAM Replacement                                             ; On                 ; On                 ;
; Auto DSP Block Replacement                                       ; On                 ; On                 ;
; Auto Shift Register Replacement                                  ; Auto               ; Auto               ;
; Allow Shift Register Merging across Hierarchies                  ; Auto               ; Auto               ;
; Auto Clock Enable Replacement                                    ; On                 ; On                 ;
; Strict RAM Replacement                                           ; Off                ; Off                ;
; Allow Synchronous Control Signals                                ; On                 ; On                 ;
; Force Use of Synchronous Clear Signals                           ; Off                ; Off                ;
; Auto RAM Block Balancing                                         ; On                 ; On                 ;
; Auto RAM to Logic Cell Conversion                                ; Off                ; Off                ;
; Auto Resource Sharing                                            ; Off                ; Off                ;
; Allow Any RAM Size For Recognition                               ; Off                ; Off                ;
; Allow Any ROM Size For Recognition                               ; Off                ; Off                ;
; Allow Any Shift Register Size For Recognition                    ; Off                ; Off                ;
; Use LogicLock Constraints during Resource Balancing              ; On                 ; On                 ;
; Ignore translate_off and synthesis_off directives                ; Off                ; Off                ;
; Timing-Driven Synthesis                                          ; On                 ; On                 ;
; Report Parameter Settings                                        ; On                 ; On                 ;
; Report Source Assignments                                        ; On                 ; On                 ;
; Report Connectivity Checks                                       ; On                 ; On                 ;
; Ignore Maximum Fan-Out Assignments                               ; Off                ; Off                ;
; Synchronization Register Chain Length                            ; 2                  ; 2                  ;
; Power Optimization During Synthesis                              ; Normal compilation ; Normal compilation ;
; HDL message level                                                ; Level2             ; Level2             ;
; Suppress Register Optimization Related Messages                  ; Off                ; Off                ;
; Number of Removed Registers Reported in Synthesis Report         ; 5000               ; 5000               ;
; Number of Swept Nodes Reported in Synthesis Report               ; 5000               ; 5000               ;
; Number of Inverted Registers Reported in Synthesis Report        ; 100                ; 100                ;
; Clock MUX Protection                                             ; On                 ; On                 ;
; Auto Gated Clock Conversion                                      ; Off                ; Off                ;
; Block Design Naming                                              ; Auto               ; Auto               ;
; SDC constraint protection                                        ; Off                ; Off                ;
; Synthesis Effort                                                 ; Auto               ; Auto               ;
; Shift Register Replacement - Allow Asynchronous Clear Signal     ; On                 ; On                 ;
; Pre-Mapping Resynthesis Optimization                             ; Off                ; Off                ;
; Analysis & Synthesis Message Level                               ; Medium             ; Medium             ;
; Disable Register Merging Across Hierarchies                      ; Auto               ; Auto               ;
; Resource Aware Inference For Block RAM                           ; On                 ; On                 ;
+------------------------------------------------------------------+--------------------+--------------------+


+------------------------------------------+
; Parallel Compilation                     ;
+----------------------------+-------------+
; Processors                 ; Number      ;
+----------------------------+-------------+
; Number detected on machine ; 4           ;
; Maximum allowed            ; 2           ;
;                            ;             ;
; Average used               ; 1.00        ;
; Maximum used               ; 2           ;
;                            ;             ;
; Usage by Processor         ; % Time Used ;
;     Processor 1            ; 100.0%      ;
;     Processor 2            ;   0.0%      ;
+----------------------------+-------------+


+--------------------------------------------------------------------------------------------------------------------------------------------------------------------------------------------------------------+
; Analysis & Synthesis Source Files Read                                                                                                                                                                       ;
+--------------------------------------------------+-----------------+------------------------+------------------------------------------------------------------------------------------------------+---------+
; File Name with User-Entered Path                 ; Used in Netlist ; File Type              ; File Name with Absolute Path                                                                         ; Library ;
+--------------------------------------------------+-----------------+------------------------+------------------------------------------------------------------------------------------------------+---------+
; ../alu32/alu32.v                                 ; yes             ; User Verilog HDL File  ; D:/Users/JuanDavidMedellinC/Downloads/proyectosQuartus/alu32/alu32.v                                 ;         ;
; ../banco_registros/banco_registros.v             ; yes             ; User Verilog HDL File  ; D:/Users/JuanDavidMedellinC/Downloads/proyectosQuartus/banco_registros/banco_registros.v             ;         ;
; ../memoria_instrucciones/memoria_instrucciones.v ; yes             ; User Verilog HDL File  ; D:/Users/JuanDavidMedellinC/Downloads/proyectosQuartus/memoria_instrucciones/memoria_instrucciones.v ;         ;
; ../mips_suma.v                                   ; yes             ; User Verilog HDL File  ; D:/Users/JuanDavidMedellinC/Downloads/proyectosQuartus/mips_suma.v                                   ;         ;
+--------------------------------------------------+-----------------+------------------------+------------------------------------------------------------------------------------------------------+---------+


+-------------------------------------------------------------+
; Analysis & Synthesis Resource Usage Summary                 ;
+---------------------------------------------+---------------+
; Resource                                    ; Usage         ;
+---------------------------------------------+---------------+
; Estimated Total logic elements              ; 33            ;
;                                             ;               ;
; Total combinational functions               ; 33            ;
; Logic element usage by number of LUT inputs ;               ;
;     -- 4 input functions                    ; 0             ;
;     -- 3 input functions                    ; 30            ;
;     -- <=2 input functions                  ; 3             ;
;                                             ;               ;
; Logic elements by mode                      ;               ;
;     -- normal mode                          ; 2             ;
;     -- arithmetic mode                      ; 31            ;
;                                             ;               ;
; Total registers                             ; 32            ;
;     -- Dedicated logic registers            ; 32            ;
;     -- I/O registers                        ; 0             ;
;                                             ;               ;
; I/O pins                                    ; 145           ;
;                                             ;               ;
; Embedded Multiplier 9-bit elements          ; 0             ;
;                                             ;               ;
; Maximum fan-out node                        ; addr[0]~input ;
; Maximum fan-out                             ; 32            ;
; Total fan-out                               ; 401           ;
; Average fan-out                             ; 1.13          ;
+---------------------------------------------+---------------+


+-----------------------------------------------------------------------------------------------------------------------------------------------------------------------------------------------------------------------------------------------------+
; Analysis & Synthesis Resource Utilization by Entity                                                                                                                                                                                                 ;
+----------------------------+---------------------+---------------------------+-------------+------------+--------------+---------+-----------+------+--------------+------------+----------------------------------+-----------------+--------------+
; Compilation Hierarchy Node ; Combinational ALUTs ; Dedicated Logic Registers ; Memory Bits ; UFM Blocks ; DSP Elements ; DSP 9x9 ; DSP 18x18 ; Pins ; Virtual Pins ; ADC blocks ; Full Hierarchy Name              ; Entity Name     ; Library Name ;
+----------------------------+---------------------+---------------------------+-------------+------------+--------------+---------+-----------+------+--------------+------------+----------------------------------+-----------------+--------------+
; |mips_suma                 ; 33 (0)              ; 32 (0)                    ; 0           ; 0          ; 0            ; 0       ; 0         ; 145  ; 0            ; 0          ; |mips_suma                       ; mips_suma       ; work         ;
;    |alu32:alu1|            ; 32 (32)             ; 0 (0)                     ; 0           ; 0          ; 0            ; 0       ; 0         ; 0    ; 0            ; 0          ; |mips_suma|alu32:alu1            ; alu32           ; work         ;
;    |banco_registros:b_reg| ; 1 (1)               ; 32 (32)                   ; 0           ; 0          ; 0            ; 0       ; 0         ; 0    ; 0            ; 0          ; |mips_suma|banco_registros:b_reg ; banco_registros ; work         ;
+----------------------------+---------------------+---------------------------+-------------+------------+--------------+---------+-----------+------+--------------+------------+----------------------------------+-----------------+--------------+
Note: For table entries with two numbers listed, the numbers in parentheses indicate the number of resources of the given type used by the specific entity alone. The numbers listed outside of parentheses indicate the total resources of the given type used by the specific entity and all of its sub-entities in the hierarchy.


+---------------------------------------------------------------------------------+
; Registers Removed During Synthesis                                              ;
+----------------------------------------+----------------------------------------+
; Register name                          ; Reason for Removal                     ;
+----------------------------------------+----------------------------------------+
; banco_registros:b_reg|breg~32          ; Stuck at GND due to stuck port data_in ;
; banco_registros:b_reg|breg~33          ; Stuck at GND due to stuck port data_in ;
; banco_registros:b_reg|breg~34          ; Stuck at GND due to stuck port data_in ;
; banco_registros:b_reg|breg~35          ; Stuck at GND due to stuck port data_in ;
; banco_registros:b_reg|breg~36          ; Stuck at GND due to stuck port data_in ;
; banco_registros:b_reg|breg~37          ; Stuck at GND due to stuck port data_in ;
; banco_registros:b_reg|breg~38          ; Stuck at GND due to stuck port data_in ;
; banco_registros:b_reg|breg~39          ; Stuck at GND due to stuck port data_in ;
; banco_registros:b_reg|breg~40          ; Stuck at GND due to stuck port data_in ;
; banco_registros:b_reg|breg~41          ; Stuck at GND due to stuck port data_in ;
; banco_registros:b_reg|breg~42          ; Stuck at GND due to stuck port data_in ;
; banco_registros:b_reg|breg~43          ; Stuck at GND due to stuck port data_in ;
; banco_registros:b_reg|breg~44          ; Stuck at GND due to stuck port data_in ;
; banco_registros:b_reg|breg~45          ; Stuck at GND due to stuck port data_in ;
; banco_registros:b_reg|breg~46          ; Stuck at GND due to stuck port data_in ;
; banco_registros:b_reg|breg~47          ; Stuck at GND due to stuck port data_in ;
; banco_registros:b_reg|breg~48          ; Stuck at GND due to stuck port data_in ;
; banco_registros:b_reg|breg~49          ; Stuck at GND due to stuck port data_in ;
; banco_registros:b_reg|breg~50          ; Stuck at GND due to stuck port data_in ;
; banco_registros:b_reg|breg~51          ; Stuck at GND due to stuck port data_in ;
; banco_registros:b_reg|breg~52          ; Stuck at GND due to stuck port data_in ;
; banco_registros:b_reg|breg~53          ; Stuck at GND due to stuck port data_in ;
; banco_registros:b_reg|breg~54          ; Stuck at GND due to stuck port data_in ;
; banco_registros:b_reg|breg~55          ; Stuck at GND due to stuck port data_in ;
; banco_registros:b_reg|breg~56          ; Stuck at GND due to stuck port data_in ;
; banco_registros:b_reg|breg~57          ; Stuck at GND due to stuck port data_in ;
; banco_registros:b_reg|breg~58          ; Stuck at GND due to stuck port data_in ;
; banco_registros:b_reg|breg~59          ; Stuck at GND due to stuck port data_in ;
; banco_registros:b_reg|breg~60          ; Stuck at GND due to stuck port data_in ;
; banco_registros:b_reg|breg~61          ; Stuck at GND due to stuck port data_in ;
; banco_registros:b_reg|breg~62          ; Stuck at GND due to stuck port data_in ;
; banco_registros:b_reg|breg~63          ; Stuck at GND due to stuck port data_in ;
; Total Number of Removed Registers = 32 ;                                        ;
+----------------------------------------+----------------------------------------+


+------------------------------------------------------+
; General Register Statistics                          ;
+----------------------------------------------+-------+
; Statistic                                    ; Value ;
+----------------------------------------------+-------+
; Total registers                              ; 32    ;
; Number of registers using Synchronous Clear  ; 0     ;
; Number of registers using Synchronous Load   ; 0     ;
; Number of registers using Asynchronous Clear ; 0     ;
; Number of registers using Asynchronous Load  ; 0     ;
; Number of registers using Clock Enable       ; 32    ;
; Number of registers using Preset             ; 0     ;
+----------------------------------------------+-------+


+-----------------------------------------------------------------------------+
; Parameter Settings for User Entity Instance: memoria_instrucciones:mem_inst ;
+----------------+-----------+------------------------------------------------+
; Parameter Name ; Value     ; Type                                           ;
+----------------+-----------+------------------------------------------------+
; BIT_ADDR       ; 32        ; Signed Integer                                 ;
; BIT_DATO       ; 32        ; Signed Integer                                 ;
; RegFILE        ; Reg16.mem ; String                                         ;
+----------------+-----------+------------------------------------------------+
Note: In order to hide this table in the UI and the text report file, please set the "Show Parameter Settings in Synthesis Report" option in "Analysis and Synthesis Settings -> More Settings" to "Off".


+--------------------------------------------------------------------+
; Parameter Settings for User Entity Instance: banco_registros:b_reg ;
+----------------+-----------+---------------------------------------+
; Parameter Name ; Value     ; Type                                  ;
+----------------+-----------+---------------------------------------+
; BIT_ADDR       ; 32        ; Signed Integer                        ;
; BIT_DATO       ; 32        ; Signed Integer                        ;
; RegFILE        ; Reg16.mem ; String                                ;
+----------------+-----------+---------------------------------------+
Note: In order to hide this table in the UI and the text report file, please set the "Show Parameter Settings in Synthesis Report" option in "Analysis and Synthesis Settings -> More Settings" to "Off".


+------------------------------------------------------------------------------------------------------------------------------------------------------------------------------+
; Port Connectivity Checks: "banco_registros:b_reg"                                                                                                                            ;
+--------+-------+----------+--------------------------------------------------------------------------------------------------------------------------------------------------+
; Port   ; Type  ; Severity ; Details                                                                                                                                          ;
+--------+-------+----------+--------------------------------------------------------------------------------------------------------------------------------------------------+
; addrRa ; Input ; Warning  ; Input port expression (5 bits) is smaller than the input port (32 bits) it drives.  Extra input bit(s) "addrRa[31..5]" will be connected to GND. ;
; addrRb ; Input ; Warning  ; Input port expression (5 bits) is smaller than the input port (32 bits) it drives.  Extra input bit(s) "addrRb[31..5]" will be connected to GND. ;
; addrW  ; Input ; Warning  ; Input port expression (5 bits) is smaller than the input port (32 bits) it drives.  Extra input bit(s) "addrW[31..5]" will be connected to GND.  ;
+--------+-------+----------+--------------------------------------------------------------------------------------------------------------------------------------------------+


+--------------------------------------------------------------------------------------------------------------------------------------------------------------------------+
; Port Connectivity Checks: "memoria_instrucciones:mem_inst"                                                                                                               ;
+------+-------+----------+------------------------------------------------------------------------------------------------------------------------------------------------+
; Port ; Type  ; Severity ; Details                                                                                                                                        ;
+------+-------+----------+------------------------------------------------------------------------------------------------------------------------------------------------+
; addr ; Input ; Warning  ; Input port expression (4 bits) is smaller than the input port (32 bits) it drives.  Extra input bit(s) "addr[31..4]" will be connected to GND. ;
; clk  ; Input ; Warning  ; Declared by entity but not connected by instance. If a default value exists, it will be used.  Otherwise, the port will be connected to GND.   ;
; rst  ; Input ; Warning  ; Declared by entity but not connected by instance. If a default value exists, it will be used.  Otherwise, the port will be connected to GND.   ;
+------+-------+----------+------------------------------------------------------------------------------------------------------------------------------------------------+


+-----------------------------------------------------+
; Post-Synthesis Netlist Statistics for Top Partition ;
+-----------------------+-----------------------------+
; Type                  ; Count                       ;
+-----------------------+-----------------------------+
; boundary_port         ; 145                         ;
; cycloneiii_ff         ; 32                          ;
;     ENA               ; 32                          ;
; cycloneiii_lcell_comb ; 37                          ;
;     arith             ; 31                          ;
;         2 data inputs ; 1                           ;
;         3 data inputs ; 30                          ;
;     normal            ; 6                           ;
;         0 data inputs ; 2                           ;
;         1 data inputs ; 3                           ;
;         2 data inputs ; 1                           ;
;                       ;                             ;
; Max LUT depth         ; 4.10                        ;
; Average LUT depth     ; 2.91                        ;
+-----------------------+-----------------------------+


+-------------------------------+
; Elapsed Time Per Partition    ;
+----------------+--------------+
; Partition Name ; Elapsed Time ;
+----------------+--------------+
; Top            ; 00:00:00     ;
+----------------+--------------+


+-------------------------------+
; Analysis & Synthesis Messages ;
+-------------------------------+
Info: *******************************************************************
Info: Running Quartus Prime Analysis & Synthesis
    Info: Version 22.1std.1 Build 917 02/14/2023 SC Lite Edition
    Info: Processing started: Thu Oct 24 14:05:13 2024
Info: Command: quartus_map --read_settings_files=on --write_settings_files=off mips_suma -c mips_suma
Warning (18236): Number of processors has not been specified which may cause overloading on shared machines.  Set the global assignment NUM_PARALLEL_PROCESSORS in your QSF to an appropriate value for best performance.
Info (20030): Parallel compilation is enabled and will use 2 of the 2 processors detected
Info (12021): Found 1 design units, including 1 entities, in source file /users/juandavidmedellinc/downloads/proyectosquartus/alu32/alu32.v
    Info (12023): Found entity 1: alu32 File: D:/Users/JuanDavidMedellinC/Downloads/proyectosQuartus/alu32/alu32.v Line: 1
Info (12021): Found 1 design units, including 1 entities, in source file /users/juandavidmedellinc/downloads/proyectosquartus/banco_registros/banco_registros.v
    Info (12023): Found entity 1: banco_registros File: D:/Users/JuanDavidMedellinC/Downloads/proyectosQuartus/banco_registros/banco_registros.v Line: 1
Info (12021): Found 1 design units, including 1 entities, in source file /users/juandavidmedellinc/downloads/proyectosquartus/memoria_instrucciones/memoria_instrucciones.v
    Info (12023): Found entity 1: memoria_instrucciones File: D:/Users/JuanDavidMedellinC/Downloads/proyectosQuartus/memoria_instrucciones/memoria_instrucciones.v Line: 1
Info (12021): Found 1 design units, including 1 entities, in source file /users/juandavidmedellinc/downloads/proyectosquartus/mips_suma.v
    Info (12023): Found entity 1: mips_suma File: D:/Users/JuanDavidMedellinC/Downloads/proyectosQuartus/mips_suma.v Line: 1
Info (12127): Elaborating entity "mips_suma" for the top level hierarchy
Info (12128): Elaborating entity "memoria_instrucciones" for hierarchy "memoria_instrucciones:mem_inst" File: D:/Users/JuanDavidMedellinC/Downloads/proyectosQuartus/mips_suma.v Line: 14
Warning (10259): Verilog HDL error at memoria_instrucciones.v(15): constant value overflow File: D:/Users/JuanDavidMedellinC/Downloads/proyectosQuartus/memoria_instrucciones/memoria_instrucciones.v Line: 15
Warning (10850): Verilog HDL warning at memoria_instrucciones.v(23): number of words (4) in memory file does not match the number of elements in the address range [-1:0] File: D:/Users/JuanDavidMedellinC/Downloads/proyectosQuartus/memoria_instrucciones/memoria_instrucciones.v Line: 23
Warning (10030): Net "breg.data_a" at memoria_instrucciones.v(18) has no driver or initial value, using a default initial value '0' File: D:/Users/JuanDavidMedellinC/Downloads/proyectosQuartus/memoria_instrucciones/memoria_instrucciones.v Line: 18
Warning (10030): Net "breg.waddr_a[0]" at memoria_instrucciones.v(18) has no driver or initial value, using a default initial value '0' File: D:/Users/JuanDavidMedellinC/Downloads/proyectosQuartus/memoria_instrucciones/memoria_instrucciones.v Line: 18
Warning (10030): Net "breg.we_a" at memoria_instrucciones.v(18) has no driver or initial value, using a default initial value '0' File: D:/Users/JuanDavidMedellinC/Downloads/proyectosQuartus/memoria_instrucciones/memoria_instrucciones.v Line: 18
Info (12128): Elaborating entity "banco_registros" for hierarchy "banco_registros:b_reg" File: D:/Users/JuanDavidMedellinC/Downloads/proyectosQuartus/mips_suma.v Line: 25
Warning (10259): Verilog HDL error at banco_registros.v(21): constant value overflow File: D:/Users/JuanDavidMedellinC/Downloads/proyectosQuartus/banco_registros/banco_registros.v Line: 21
Info (12128): Elaborating entity "alu32" for hierarchy "alu32:alu1" File: D:/Users/JuanDavidMedellinC/Downloads/proyectosQuartus/mips_suma.v Line: 31
Info (276014): Found 2 instances of uninferred RAM logic
    Info (276013): RAM logic "memoria_instrucciones:mem_inst|breg" is uninferred because MIF is not supported for the selected family File: D:/Users/JuanDavidMedellinC/Downloads/proyectosQuartus/memoria_instrucciones/memoria_instrucciones.v Line: 18
    Info (276013): RAM logic "banco_registros:b_reg|breg" is uninferred because MIF is not supported for the selected family File: D:/Users/JuanDavidMedellinC/Downloads/proyectosQuartus/banco_registros/banco_registros.v Line: 24
Warning (12241): 2 hierarchies have connectivity warnings - see the Connectivity Checks report folder
Warning (13024): Output pins are stuck at VCC or GND
    Warning (13410): Pin "B[0]" is stuck at VCC File: D:/Users/JuanDavidMedellinC/Downloads/proyectosQuartus/mips_suma.v Line: 6
    Warning (13410): Pin "B[1]" is stuck at VCC File: D:/Users/JuanDavidMedellinC/Downloads/proyectosQuartus/mips_suma.v Line: 6
    Warning (13410): Pin "B[2]" is stuck at GND File: D:/Users/JuanDavidMedellinC/Downloads/proyectosQuartus/mips_suma.v Line: 6
    Warning (13410): Pin "B[3]" is stuck at GND File: D:/Users/JuanDavidMedellinC/Downloads/proyectosQuartus/mips_suma.v Line: 6
    Warning (13410): Pin "B[4]" is stuck at GND File: D:/Users/JuanDavidMedellinC/Downloads/proyectosQuartus/mips_suma.v Line: 6
    Warning (13410): Pin "B[5]" is stuck at GND File: D:/Users/JuanDavidMedellinC/Downloads/proyectosQuartus/mips_suma.v Line: 6
    Warning (13410): Pin "B[6]" is stuck at GND File: D:/Users/JuanDavidMedellinC/Downloads/proyectosQuartus/mips_suma.v Line: 6
    Warning (13410): Pin "B[7]" is stuck at GND File: D:/Users/JuanDavidMedellinC/Downloads/proyectosQuartus/mips_suma.v Line: 6
    Warning (13410): Pin "B[8]" is stuck at GND File: D:/Users/JuanDavidMedellinC/Downloads/proyectosQuartus/mips_suma.v Line: 6
    Warning (13410): Pin "B[9]" is stuck at GND File: D:/Users/JuanDavidMedellinC/Downloads/proyectosQuartus/mips_suma.v Line: 6
    Warning (13410): Pin "B[10]" is stuck at GND File: D:/Users/JuanDavidMedellinC/Downloads/proyectosQuartus/mips_suma.v Line: 6
    Warning (13410): Pin "B[11]" is stuck at GND File: D:/Users/JuanDavidMedellinC/Downloads/proyectosQuartus/mips_suma.v Line: 6
    Warning (13410): Pin "B[12]" is stuck at GND File: D:/Users/JuanDavidMedellinC/Downloads/proyectosQuartus/mips_suma.v Line: 6
    Warning (13410): Pin "B[13]" is stuck at GND File: D:/Users/JuanDavidMedellinC/Downloads/proyectosQuartus/mips_suma.v Line: 6
    Warning (13410): Pin "B[14]" is stuck at GND File: D:/Users/JuanDavidMedellinC/Downloads/proyectosQuartus/mips_suma.v Line: 6
    Warning (13410): Pin "B[15]" is stuck at GND File: D:/Users/JuanDavidMedellinC/Downloads/proyectosQuartus/mips_suma.v Line: 6
    Warning (13410): Pin "B[16]" is stuck at GND File: D:/Users/JuanDavidMedellinC/Downloads/proyectosQuartus/mips_suma.v Line: 6
    Warning (13410): Pin "B[17]" is stuck at GND File: D:/Users/JuanDavidMedellinC/Downloads/proyectosQuartus/mips_suma.v Line: 6
    Warning (13410): Pin "B[18]" is stuck at GND File: D:/Users/JuanDavidMedellinC/Downloads/proyectosQuartus/mips_suma.v Line: 6
    Warning (13410): Pin "B[19]" is stuck at GND File: D:/Users/JuanDavidMedellinC/Downloads/proyectosQuartus/mips_suma.v Line: 6
    Warning (13410): Pin "B[20]" is stuck at GND File: D:/Users/JuanDavidMedellinC/Downloads/proyectosQuartus/mips_suma.v Line: 6
    Warning (13410): Pin "B[21]" is stuck at GND File: D:/Users/JuanDavidMedellinC/Downloads/proyectosQuartus/mips_suma.v Line: 6
    Warning (13410): Pin "B[22]" is stuck at GND File: D:/Users/JuanDavidMedellinC/Downloads/proyectosQuartus/mips_suma.v Line: 6
    Warning (13410): Pin "B[23]" is stuck at GND File: D:/Users/JuanDavidMedellinC/Downloads/proyectosQuartus/mips_suma.v Line: 6
    Warning (13410): Pin "B[24]" is stuck at GND File: D:/Users/JuanDavidMedellinC/Downloads/proyectosQuartus/mips_suma.v Line: 6
    Warning (13410): Pin "B[25]" is stuck at GND File: D:/Users/JuanDavidMedellinC/Downloads/proyectosQuartus/mips_suma.v Line: 6
    Warning (13410): Pin "B[26]" is stuck at GND File: D:/Users/JuanDavidMedellinC/Downloads/proyectosQuartus/mips_suma.v Line: 6
    Warning (13410): Pin "B[27]" is stuck at GND File: D:/Users/JuanDavidMedellinC/Downloads/proyectosQuartus/mips_suma.v Line: 6
    Warning (13410): Pin "B[28]" is stuck at GND File: D:/Users/JuanDavidMedellinC/Downloads/proyectosQuartus/mips_suma.v Line: 6
    Warning (13410): Pin "B[29]" is stuck at GND File: D:/Users/JuanDavidMedellinC/Downloads/proyectosQuartus/mips_suma.v Line: 6
    Warning (13410): Pin "B[30]" is stuck at GND File: D:/Users/JuanDavidMedellinC/Downloads/proyectosQuartus/mips_suma.v Line: 6
    Warning (13410): Pin "B[31]" is stuck at GND File: D:/Users/JuanDavidMedellinC/Downloads/proyectosQuartus/mips_suma.v Line: 6
    Warning (13410): Pin "instruc[1]" is stuck at GND File: D:/Users/JuanDavidMedellinC/Downloads/proyectosQuartus/mips_suma.v Line: 6
    Warning (13410): Pin "instruc[2]" is stuck at GND File: D:/Users/JuanDavidMedellinC/Downloads/proyectosQuartus/mips_suma.v Line: 6
    Warning (13410): Pin "instruc[3]" is stuck at GND File: D:/Users/JuanDavidMedellinC/Downloads/proyectosQuartus/mips_suma.v Line: 6
    Warning (13410): Pin "instruc[4]" is stuck at GND File: D:/Users/JuanDavidMedellinC/Downloads/proyectosQuartus/mips_suma.v Line: 6
    Warning (13410): Pin "instruc[5]" is stuck at GND File: D:/Users/JuanDavidMedellinC/Downloads/proyectosQuartus/mips_suma.v Line: 6
    Warning (13410): Pin "instruc[6]" is stuck at GND File: D:/Users/JuanDavidMedellinC/Downloads/proyectosQuartus/mips_suma.v Line: 6
    Warning (13410): Pin "instruc[7]" is stuck at GND File: D:/Users/JuanDavidMedellinC/Downloads/proyectosQuartus/mips_suma.v Line: 6
    Warning (13410): Pin "instruc[8]" is stuck at GND File: D:/Users/JuanDavidMedellinC/Downloads/proyectosQuartus/mips_suma.v Line: 6
    Warning (13410): Pin "instruc[9]" is stuck at GND File: D:/Users/JuanDavidMedellinC/Downloads/proyectosQuartus/mips_suma.v Line: 6
    Warning (13410): Pin "instruc[10]" is stuck at GND File: D:/Users/JuanDavidMedellinC/Downloads/proyectosQuartus/mips_suma.v Line: 6
    Warning (13410): Pin "instruc[11]" is stuck at GND File: D:/Users/JuanDavidMedellinC/Downloads/proyectosQuartus/mips_suma.v Line: 6
    Warning (13410): Pin "instruc[12]" is stuck at GND File: D:/Users/JuanDavidMedellinC/Downloads/proyectosQuartus/mips_suma.v Line: 6
    Warning (13410): Pin "instruc[13]" is stuck at GND File: D:/Users/JuanDavidMedellinC/Downloads/proyectosQuartus/mips_suma.v Line: 6
    Warning (13410): Pin "instruc[14]" is stuck at GND File: D:/Users/JuanDavidMedellinC/Downloads/proyectosQuartus/mips_suma.v Line: 6
    Warning (13410): Pin "instruc[15]" is stuck at GND File: D:/Users/JuanDavidMedellinC/Downloads/proyectosQuartus/mips_suma.v Line: 6
    Warning (13410): Pin "instruc[16]" is stuck at VCC File: D:/Users/JuanDavidMedellinC/Downloads/proyectosQuartus/mips_suma.v Line: 6
    Warning (13410): Pin "instruc[17]" is stuck at GND File: D:/Users/JuanDavidMedellinC/Downloads/proyectosQuartus/mips_suma.v Line: 6
    Warning (13410): Pin "instruc[18]" is stuck at GND File: D:/Users/JuanDavidMedellinC/Downloads/proyectosQuartus/mips_suma.v Line: 6
    Warning (13410): Pin "instruc[19]" is stuck at GND File: D:/Users/JuanDavidMedellinC/Downloads/proyectosQuartus/mips_suma.v Line: 6
    Warning (13410): Pin "instruc[20]" is stuck at GND File: D:/Users/JuanDavidMedellinC/Downloads/proyectosQuartus/mips_suma.v Line: 6
    Warning (13410): Pin "instruc[21]" is stuck at GND File: D:/Users/JuanDavidMedellinC/Downloads/proyectosQuartus/mips_suma.v Line: 6
    Warning (13410): Pin "instruc[22]" is stuck at GND File: D:/Users/JuanDavidMedellinC/Downloads/proyectosQuartus/mips_suma.v Line: 6
    Warning (13410): Pin "instruc[23]" is stuck at GND File: D:/Users/JuanDavidMedellinC/Downloads/proyectosQuartus/mips_suma.v Line: 6
    Warning (13410): Pin "instruc[24]" is stuck at GND File: D:/Users/JuanDavidMedellinC/Downloads/proyectosQuartus/mips_suma.v Line: 6
    Warning (13410): Pin "instruc[25]" is stuck at GND File: D:/Users/JuanDavidMedellinC/Downloads/proyectosQuartus/mips_suma.v Line: 6
    Warning (13410): Pin "instruc[26]" is stuck at GND File: D:/Users/JuanDavidMedellinC/Downloads/proyectosQuartus/mips_suma.v Line: 6
    Warning (13410): Pin "instruc[27]" is stuck at GND File: D:/Users/JuanDavidMedellinC/Downloads/proyectosQuartus/mips_suma.v Line: 6
    Warning (13410): Pin "instruc[28]" is stuck at GND File: D:/Users/JuanDavidMedellinC/Downloads/proyectosQuartus/mips_suma.v Line: 6
    Warning (13410): Pin "instruc[29]" is stuck at GND File: D:/Users/JuanDavidMedellinC/Downloads/proyectosQuartus/mips_suma.v Line: 6
    Warning (13410): Pin "instruc[30]" is stuck at GND File: D:/Users/JuanDavidMedellinC/Downloads/proyectosQuartus/mips_suma.v Line: 6
    Warning (13410): Pin "instruc[31]" is stuck at GND File: D:/Users/JuanDavidMedellinC/Downloads/proyectosQuartus/mips_suma.v Line: 6
    Warning (13410): Pin "adA[0]" is stuck at GND File: D:/Users/JuanDavidMedellinC/Downloads/proyectosQuartus/mips_suma.v Line: 7
    Warning (13410): Pin "adA[1]" is stuck at GND File: D:/Users/JuanDavidMedellinC/Downloads/proyectosQuartus/mips_suma.v Line: 7
    Warning (13410): Pin "adA[2]" is stuck at GND File: D:/Users/JuanDavidMedellinC/Downloads/proyectosQuartus/mips_suma.v Line: 7
    Warning (13410): Pin "adA[3]" is stuck at GND File: D:/Users/JuanDavidMedellinC/Downloads/proyectosQuartus/mips_suma.v Line: 7
    Warning (13410): Pin "adA[4]" is stuck at GND File: D:/Users/JuanDavidMedellinC/Downloads/proyectosQuartus/mips_suma.v Line: 7
    Warning (13410): Pin "adB[0]" is stuck at VCC File: D:/Users/JuanDavidMedellinC/Downloads/proyectosQuartus/mips_suma.v Line: 8
    Warning (13410): Pin "adB[1]" is stuck at GND File: D:/Users/JuanDavidMedellinC/Downloads/proyectosQuartus/mips_suma.v Line: 8
    Warning (13410): Pin "adB[2]" is stuck at GND File: D:/Users/JuanDavidMedellinC/Downloads/proyectosQuartus/mips_suma.v Line: 8
    Warning (13410): Pin "adB[3]" is stuck at GND File: D:/Users/JuanDavidMedellinC/Downloads/proyectosQuartus/mips_suma.v Line: 8
    Warning (13410): Pin "adB[4]" is stuck at GND File: D:/Users/JuanDavidMedellinC/Downloads/proyectosQuartus/mips_suma.v Line: 8
Info (286030): Timing-Driven Synthesis is running
Info (16010): Generating hard_block partition "hard_block:auto_generated_inst"
    Info (16011): Adding 0 node(s), including 0 DDIO, 0 PLL, 0 transceiver and 0 LCELL
Warning (21074): Design contains 4 input pin(s) that do not drive logic
    Warning (15610): No output dependent on input pin "addr[1]" File: D:/Users/JuanDavidMedellinC/Downloads/proyectosQuartus/mips_suma.v Line: 2
    Warning (15610): No output dependent on input pin "addr[2]" File: D:/Users/JuanDavidMedellinC/Downloads/proyectosQuartus/mips_suma.v Line: 2
    Warning (15610): No output dependent on input pin "addr[3]" File: D:/Users/JuanDavidMedellinC/Downloads/proyectosQuartus/mips_suma.v Line: 2
    Warning (15610): No output dependent on input pin "buttonRst" File: D:/Users/JuanDavidMedellinC/Downloads/proyectosQuartus/mips_suma.v Line: 5
Info (21057): Implemented 209 device resources after synthesis - the final resource count might be different
    Info (21058): Implemented 7 input pins
    Info (21059): Implemented 138 output pins
    Info (21061): Implemented 64 logic cells
Info: Quartus Prime Analysis & Synthesis was successful. 0 errors, 87 warnings
    Info: Peak virtual memory: 4745 megabytes
    Info: Processing ended: Thu Oct 24 14:05:25 2024
    Info: Elapsed time: 00:00:12
    Info: Total CPU time (on all processors): 00:00:27


